0 verbose cli C:\Program Files\nodejs\node.exe C:\Program Files\nodejs\node_modules\npm\bin\npm-cli.js
1 info using npm@11.6.2
2 info using node@v24.13.0
3 silly config load:file:C:\Program Files\nodejs\node_modules\npm\npmrc
4 silly config load:file:C:\Users\vince\Documents\Theresian's Quest- Web\capstone\.npmrc
5 silly config load:file:C:\Users\vince\.npmrc
6 silly config load:file:C:\Users\vince\AppData\Roaming\npm\etc\npmrc
7 verbose title npm exec @railway/cli login
8 verbose argv "exec" "--" "@railway/cli" "login"
9 verbose logfile logs-max:10 dir:C:\Users\vince\Documents\Theresian's Quest- Web\capstone\.npm-cache\_logs\2026-05-19T15_16_03_965Z-
10 verbose logfile C:\Users\vince\Documents\Theresian's Quest- Web\capstone\.npm-cache\_logs\2026-05-19T15_16_03_965Z-debug-0.log
11 silly logfile done cleaning log files
12 silly packumentCache heap:2348810240 maxSize:587202560 maxEntrySize:293601280
13 verbose shrinkwrap failed to load node_modules/.package-lock.json missing from lockfile: node_modules/ansi-align
14 http fetch GET 200 https://registry.npmjs.org/@railway%2fcli 491ms (cache revalidated)
15 silly packumentCache heap:2348810240 maxSize:587202560 maxEntrySize:293601280
16 silly packumentCache heap:2348810240 maxSize:587202560 maxEntrySize:293601280
17 verbose cwd C:\Users\vince\Documents\Theresian's Quest- Web\capstone
18 verbose os Windows_NT 10.0.26200
19 verbose node v24.13.0
20 verbose npm  v11.6.2
21 verbose exit 1
22 verbose code 1
